README.md
esm2022
  esm2022/index.mjs
  esm2022/portal
    esm2022/portal/index.mjs
    esm2022/portal/portal-module.mjs
    esm2022/portal/portal.mjs
  esm2022/utils
    esm2022/utils/index.mjs
    esm2022/utils/testing.mjs
fesm2022
  fesm2022/example-with-ts-library.mjs
  fesm2022/example-with-ts-library.mjs.map
  fesm2022/portal.mjs
  fesm2022/portal.mjs.map
  fesm2022/utils.mjs
  fesm2022/utils.mjs.map
index.d.ts
package.json
portal
  portal/index.d.ts
utils
  utils/index.d.ts
--- README.md ---

Angular
=======

The sources for this package are in the main [Angular](https://github.com/angular/angular) repo. Please file issues and pull requests against that repo.

Usage information and reference details can be found in [Angular documentation](https://angular.dev/overview).

License: MIT


--- esm2022/index.mjs ---

/**
 * @license
 * Copyright Google LLC All Rights Reserved.
 *
 * Use of this source code is governed by an MIT-style license that can be
 * found in the LICENSE file at https://angular.io/license
 */
export const VERSION = '0.0.0';
//# sourceMappingURL=data:application/json;base64,eyJ2ZXJzaW9uIjozLCJmaWxlIjoiaW5kZXguanMiLCJzb3VyY2VSb290IjoiIiwic291cmNlcyI6WyIuLi8uLi8uLi8uLi8uLi8uLi8uLi8uLi9wYWNrYWdlcy9iYXplbC90ZXN0L25nX3BhY2thZ2UvZXhhbXBsZS13aXRoLXRzLWxpYnJhcnkvaW5kZXgudHMiXSwibmFtZXMiOltdLCJtYXBwaW5ncyI6IkFBQUE7Ozs7OztHQU1HO0FBRUgsTUFBTSxDQUFDLE1BQU0sT0FBTyxHQUFHLE9BQU8sQ0FBQyIsInNvdXJjZXNDb250ZW50IjpbIi8qKlxuICogQGxpY2Vuc2VcbiAqIENvcHlyaWdodCBHb29nbGUgTExDIEFsbCBSaWdodHMgUmVzZXJ2ZWQuXG4gKlxuICogVXNlIG9mIHRoaXMgc291cmNlIGNvZGUgaXMgZ292ZXJuZWQgYnkgYW4gTUlULXN0eWxlIGxpY2Vuc2UgdGhhdCBjYW4gYmVcbiAqIGZvdW5kIGluIHRoZSBMSUNFTlNFIGZpbGUgYXQgaHR0cHM6Ly9hbmd1bGFyLmlvL2xpY2Vuc2VcbiAqL1xuXG5leHBvcnQgY29uc3QgVkVSU0lPTiA9ICcwLjAuMCc7XG4iXX0=

--- esm2022/portal/index.mjs ---

/**
 * @license
 * Copyright Google LLC All Rights Reserved.
 *
 * Use of this source code is governed by an MIT-style license that can be
 * found in the LICENSE file at https://angular.io/license
 */
export * from './portal-module';
//# sourceMappingURL=data:application/json;base64,eyJ2ZXJzaW9uIjozLCJmaWxlIjoiaW5kZXguanMiLCJzb3VyY2VSb290IjoiIiwic291cmNlcyI6WyIuLi8uLi8uLi8uLi8uLi8uLi8uLi8uLi8uLi9wYWNrYWdlcy9iYXplbC90ZXN0L25nX3BhY2thZ2UvZXhhbXBsZS13aXRoLXRzLWxpYnJhcnkvcG9ydGFsL2luZGV4LnRzIl0sIm5hbWVzIjpbXSwibWFwcGluZ3MiOiJBQUFBOzs7Ozs7R0FNRztBQUVILGNBQWMsaUJBQWlCLENBQUMiLCJzb3VyY2VzQ29udGVudCI6WyIvKipcbiAqIEBsaWNlbnNlXG4gKiBDb3B5cmlnaHQgR29vZ2xlIExMQyBBbGwgUmlnaHRzIFJlc2VydmVkLlxuICpcbiAqIFVzZSBvZiB0aGlzIHNvdXJjZSBjb2RlIGlzIGdvdmVybmVkIGJ5IGFuIE1JVC1zdHlsZSBsaWNlbnNlIHRoYXQgY2FuIGJlXG4gKiBmb3VuZCBpbiB0aGUgTElDRU5TRSBmaWxlIGF0IGh0dHBzOi8vYW5ndWxhci5pby9saWNlbnNlXG4gKi9cblxuZXhwb3J0ICogZnJvbSAnLi9wb3J0YWwtbW9kdWxlJztcbiJdfQ==

--- esm2022/portal/portal-module.mjs ---

/**
 * @license
 * Copyright Google LLC All Rights Reserved.
 *
 * Use of this source code is governed by an MIT-style license that can be
 * found in the LICENSE file at https://angular.io/license
 */
import { NgModule } from '@angular/core';
import * as i0 from "@angular/core";
export class PortalModule {
    static { this.ɵfac = i0.ɵɵngDeclareFactory({ minVersion: "12.0.0", version: "0.0.0", ngImport: i0, type: PortalModule, deps: [], target: i0.ɵɵFactoryTarget.NgModule }); }
    static { this.ɵmod = i0.ɵɵngDeclareNgModule({ minVersion: "14.0.0", version: "0.0.0", ngImport: i0, type: PortalModule }); }
    static { this.ɵinj = i0.ɵɵngDeclareInjector({ minVersion: "12.0.0", version: "0.0.0", ngImport: i0, type: PortalModule }); }
}
i0.ɵɵngDeclareClassMetadata({ minVersion: "12.0.0", version: "0.0.0", ngImport: i0, type: PortalModule, decorators: [{
            type: NgModule,
            args: [{}]
        }] });
export const a = 1;
//# sourceMappingURL=data:application/json;base64,eyJ2ZXJzaW9uIjozLCJmaWxlIjoicG9ydGFsLW1vZHVsZS5qcyIsInNvdXJjZVJvb3QiOiIiLCJzb3VyY2VzIjpbIi4uLy4uLy4uLy4uLy4uLy4uLy4uLy4uLy4uL3BhY2thZ2VzL2JhemVsL3Rlc3QvbmdfcGFja2FnZS9leGFtcGxlLXdpdGgtdHMtbGlicmFyeS9wb3J0YWwvcG9ydGFsLW1vZHVsZS50cyJdLCJuYW1lcyI6W10sIm1hcHBpbmdzIjoiQUFBQTs7Ozs7O0dBTUc7QUFFSCxPQUFPLEVBQUMsUUFBUSxFQUFDLE1BQU0sZUFBZSxDQUFDOztBQUd2QyxNQUFNLE9BQU8sWUFBWTt5SEFBWixZQUFZOzBIQUFaLFlBQVk7MEhBQVosWUFBWTs7c0dBQVosWUFBWTtrQkFEeEIsUUFBUTttQkFBQyxFQUFFOztBQUdaLE1BQU0sQ0FBQyxNQUFNLENBQUMsR0FBRyxDQUFDLENBQUMiLCJzb3VyY2VzQ29udGVudCI6WyIvKipcbiAqIEBsaWNlbnNlXG4gKiBDb3B5cmlnaHQgR29vZ2xlIExMQyBBbGwgUmlnaHRzIFJlc2VydmVkLlxuICpcbiAqIFVzZSBvZiB0aGlzIHNvdXJjZSBjb2RlIGlzIGdvdmVybmVkIGJ5IGFuIE1JVC1zdHlsZSBsaWNlbnNlIHRoYXQgY2FuIGJlXG4gKiBmb3VuZCBpbiB0aGUgTElDRU5TRSBmaWxlIGF0IGh0dHBzOi8vYW5ndWxhci5pby9saWNlbnNlXG4gKi9cblxuaW1wb3J0IHtOZ01vZHVsZX0gZnJvbSAnQGFuZ3VsYXIvY29yZSc7XG5cbkBOZ01vZHVsZSh7fSlcbmV4cG9ydCBjbGFzcyBQb3J0YWxNb2R1bGUge31cblxuZXhwb3J0IGNvbnN0IGEgPSAxO1xuIl19

--- esm2022/portal/portal.mjs ---

/**
 * Generated bundle index. Do not edit.
 */
export * from './index';
//# sourceMappingURL=data:application/json;base64,eyJ2ZXJzaW9uIjozLCJmaWxlIjoicG9ydGFsLmpzIiwic291cmNlUm9vdCI6IiIsInNvdXJjZXMiOlsiLi4vLi4vLi4vLi4vLi4vLi4vLi4vLi4vLi4vcGFja2FnZXMvYmF6ZWwvdGVzdC9uZ19wYWNrYWdlL2V4YW1wbGUtd2l0aC10cy1saWJyYXJ5L3BvcnRhbC9wb3J0YWwudHMiXSwibmFtZXMiOltdLCJtYXBwaW5ncyI6IkFBQUE7O0dBRUc7QUFFSCxjQUFjLFNBQVMsQ0FBQyIsInNvdXJjZXNDb250ZW50IjpbIi8qKlxuICogR2VuZXJhdGVkIGJ1bmRsZSBpbmRleC4gRG8gbm90IGVkaXQuXG4gKi9cblxuZXhwb3J0ICogZnJvbSAnLi9pbmRleCc7XG4iXX0=

--- esm2022/utils/index.mjs ---

/**
 * @license
 * Copyright Google LLC All Rights Reserved.
 *
 * Use of this source code is governed by an MIT-style license that can be
 * found in the LICENSE file at https://angular.io/license
 */
export * from './testing';
//# sourceMappingURL=data:application/json;base64,eyJ2ZXJzaW9uIjozLCJmaWxlIjoiaW5kZXguanMiLCJzb3VyY2VSb290IjoiIiwic291cmNlcyI6WyIuLi8uLi8uLi8uLi8uLi8uLi8uLi8uLi8uLi9wYWNrYWdlcy9iYXplbC90ZXN0L25nX3BhY2thZ2UvZXhhbXBsZS13aXRoLXRzLWxpYnJhcnkvdXRpbHMvaW5kZXgudHMiXSwibmFtZXMiOltdLCJtYXBwaW5ncyI6IkFBQUE7Ozs7OztHQU1HO0FBRUgsY0FBYyxXQUFXLENBQUMiLCJzb3VyY2VzQ29udGVudCI6WyIvKipcbiAqIEBsaWNlbnNlXG4gKiBDb3B5cmlnaHQgR29vZ2xlIExMQyBBbGwgUmlnaHRzIFJlc2VydmVkLlxuICpcbiAqIFVzZSBvZiB0aGlzIHNvdXJjZSBjb2RlIGlzIGdvdmVybmVkIGJ5IGFuIE1JVC1zdHlsZSBsaWNlbnNlIHRoYXQgY2FuIGJlXG4gKiBmb3VuZCBpbiB0aGUgTElDRU5TRSBmaWxlIGF0IGh0dHBzOi8vYW5ndWxhci5pby9saWNlbnNlXG4gKi9cblxuZXhwb3J0ICogZnJvbSAnLi90ZXN0aW5nJztcbiJdfQ==

--- esm2022/utils/testing.mjs ---

/**
 * @license
 * Copyright Google LLC All Rights Reserved.
 *
 * Use of this source code is governed by an MIT-style license that can be
 * found in the LICENSE file at https://angular.io/license
 */
export function dispatchFakeEvent(el, ev) {
    el.dispatchEvent(ev);
}
//# sourceMappingURL=data:application/json;base64,eyJ2ZXJzaW9uIjozLCJmaWxlIjoidGVzdGluZy5qcyIsInNvdXJjZVJvb3QiOiIiLCJzb3VyY2VzIjpbIi4uLy4uLy4uLy4uLy4uLy4uLy4uLy4uLy4uL3BhY2thZ2VzL2JhemVsL3Rlc3QvbmdfcGFja2FnZS9leGFtcGxlLXdpdGgtdHMtbGlicmFyeS91dGlscy90ZXN0aW5nLnRzIl0sIm5hbWVzIjpbXSwibWFwcGluZ3MiOiJBQUFBOzs7Ozs7R0FNRztBQUVILE1BQU0sVUFBVSxpQkFBaUIsQ0FBQyxFQUFlLEVBQUUsRUFBUztJQUMxRCxFQUFFLENBQUMsYUFBYSxDQUFDLEVBQUUsQ0FBQyxDQUFDO0FBQ3ZCLENBQUMiLCJzb3VyY2VzQ29udGVudCI6WyIvKipcbiAqIEBsaWNlbnNlXG4gKiBDb3B5cmlnaHQgR29vZ2xlIExMQyBBbGwgUmlnaHRzIFJlc2VydmVkLlxuICpcbiAqIFVzZSBvZiB0aGlzIHNvdXJjZSBjb2RlIGlzIGdvdmVybmVkIGJ5IGFuIE1JVC1zdHlsZSBsaWNlbnNlIHRoYXQgY2FuIGJlXG4gKiBmb3VuZCBpbiB0aGUgTElDRU5TRSBmaWxlIGF0IGh0dHBzOi8vYW5ndWxhci5pby9saWNlbnNlXG4gKi9cblxuZXhwb3J0IGZ1bmN0aW9uIGRpc3BhdGNoRmFrZUV2ZW50KGVsOiBIVE1MRWxlbWVudCwgZXY6IEV2ZW50KSB7XG4gIGVsLmRpc3BhdGNoRXZlbnQoZXYpO1xufVxuIl19

--- fesm2022/example-with-ts-library.mjs ---

/**
 * @license Angular v0.0.0
 * (c) 2010-2024 Google LLC. https://angular.io/
 * License: MIT
 */

const VERSION = '0.0.0';

export { VERSION };
//# sourceMappingURL=example-with-ts-library.mjs.map


--- fesm2022/portal.mjs ---

/**
 * @license Angular v0.0.0
 * (c) 2010-2024 Google LLC. https://angular.io/
 * License: MIT
 */

import * as i0 from '@angular/core';
import { NgModule } from '@angular/core';

class PortalModule {
    static { this.ɵfac = i0.ɵɵngDeclareFactory({ minVersion: "12.0.0", version: "0.0.0", ngImport: i0, type: PortalModule, deps: [], target: i0.ɵɵFactoryTarget.NgModule }); }
    static { this.ɵmod = i0.ɵɵngDeclareNgModule({ minVersion: "14.0.0", version: "0.0.0", ngImport: i0, type: PortalModule }); }
    static { this.ɵinj = i0.ɵɵngDeclareInjector({ minVersion: "12.0.0", version: "0.0.0", ngImport: i0, type: PortalModule }); }
}
i0.ɵɵngDeclareClassMetadata({ minVersion: "12.0.0", version: "0.0.0", ngImport: i0, type: PortalModule, decorators: [{
            type: NgModule,
            args: [{}]
        }] });
const a = 1;

/**
 * Generated bundle index. Do not edit.
 */

export { PortalModule, a };
//# sourceMappingURL=portal.mjs.map


--- fesm2022/utils.mjs ---

/**
 * @license Angular v0.0.0
 * (c) 2010-2024 Google LLC. https://angular.io/
 * License: MIT
 */

function dispatchFakeEvent(el, ev) {
    el.dispatchEvent(ev);
}

export { dispatchFakeEvent };
//# sourceMappingURL=utils.mjs.map


--- index.d.ts ---

/**
 * @license Angular v0.0.0
 * (c) 2010-2024 Google LLC. https://angular.io/
 * License: MIT
 */



export declare const VERSION = "0.0.0";

export { }


--- package.json ---

{
  "name": "example-with-ts-library",
  "version": "0.0.0",
  "schematics": "Custom property that should be preserved.",
  "module": "./fesm2022/example-with-ts-library.mjs",
  "typings": "./index.d.ts",
  "type": "module",
  "exports": {
    "./package.json": {
      "default": "./package.json"
    },
    ".": {
      "types": "./index.d.ts",
      "esm2022": "./esm2022/index.mjs",
      "esm": "./esm2022/index.mjs",
      "default": "./fesm2022/example-with-ts-library.mjs"
    },
    "./portal": {
      "types": "./portal/index.d.ts",
      "esm2022": "./esm2022/portal/portal.mjs",
      "esm": "./esm2022/portal/portal.mjs",
      "default": "./fesm2022/portal.mjs"
    },
    "./utils": {
      "types": "./utils/index.d.ts",
      "esm2022": "./esm2022/utils/index.mjs",
      "esm": "./esm2022/utils/index.mjs",
      "default": "./fesm2022/utils.mjs"
    }
  }
}

--- portal/index.d.ts ---

/**
 * @license Angular v0.0.0
 * (c) 2010-2024 Google LLC. https://angular.io/
 * License: MIT
 */


import * as i0 from '@angular/core';

export declare const a = 1;

export declare class PortalModule {
    static ɵfac: i0.ɵɵFactoryDeclaration<PortalModule, never>;
    static ɵmod: i0.ɵɵNgModuleDeclaration<PortalModule, never, never, never>;
    static ɵinj: i0.ɵɵInjectorDeclaration<PortalModule>;
}

export { }


--- utils/index.d.ts ---

/**
 * @license Angular v0.0.0
 * (c) 2010-2024 Google LLC. https://angular.io/
 * License: MIT
 */



export declare function dispatchFakeEvent(el: HTMLElement, ev: Event): void;

export { }

