README.md
_index.scss
a11y
  a11y/index.d.ts
arbitrary-npm-package-main.js
arbitrary_bin.txt
arbitrary_genfiles.txt
esm2022
  esm2022/a11y
    esm2022/a11y/a11y.mjs
    esm2022/a11y/index.mjs
    esm2022/a11y/public-api.mjs
  esm2022/example.mjs
  esm2022/imports
    esm2022/imports/imports.mjs
    esm2022/imports/index.mjs
    esm2022/imports/public-api.mjs
    esm2022/imports/second.mjs
  esm2022/index.mjs
  esm2022/mymodule.mjs
  esm2022/secondary
    esm2022/secondary/index.mjs
    esm2022/secondary/secondary.mjs
    esm2022/secondary/secondarymodule.mjs
extra-styles.css
fesm2022
  fesm2022/a11y.mjs
  fesm2022/a11y.mjs.map
  fesm2022/imports.mjs
  fesm2022/imports.mjs.map
  fesm2022/secondary.mjs
  fesm2022/secondary.mjs.map
  fesm2022/waffels.mjs
  fesm2022/waffels.mjs.map
imports
  imports/index.d.ts
index.d.ts
logo.png
package.json
secondary
  secondary/index.d.ts
some-file.txt
--- README.md ---

Angular
=======

The sources for this package are in the main [Angular](https://github.com/angular/angular) repo. Please file issues and pull requests against that repo.

Usage information and reference details can be found in [Angular documentation](https://angular.dev/overview).

License: MIT


--- _index.scss ---

/// test file which should ship as part of the NPM package.


--- a11y/index.d.ts ---

/**
 * @license Angular v0.0.0
 * (c) 2010-2024 Google LLC. https://angular.io/
 * License: MIT
 */


import * as i0 from '@angular/core';

export declare class A11yModule {
    static ɵfac: i0.ɵɵFactoryDeclaration<A11yModule, never>;
    static ɵmod: i0.ɵɵNgModuleDeclaration<A11yModule, never, never, never>;
    static ɵinj: i0.ɵɵInjectorDeclaration<A11yModule>;
}

export { }


--- arbitrary-npm-package-main.js ---

/**
 * @license
 * Copyright Google LLC All Rights Reserved.
 *
 * Use of this source code is governed by an MIT-style license that can be
 * found in the LICENSE file at https://angular.io/license
 */

const x = 1;


--- arbitrary_bin.txt ---

World


--- arbitrary_genfiles.txt ---

Hello


--- esm2022/a11y/a11y.mjs ---

/**
 * Generated bundle index. Do not edit.
 */
export * from './index';
//# sourceMappingURL=data:application/json;base64,eyJ2ZXJzaW9uIjozLCJmaWxlIjoiYTExeS5qcyIsInNvdXJjZVJvb3QiOiIiLCJzb3VyY2VzIjpbIi4uLy4uLy4uLy4uLy4uLy4uLy4uLy4uLy4uL3BhY2thZ2VzL2JhemVsL3Rlc3QvbmdfcGFja2FnZS9leGFtcGxlL2ExMXkvYTExeS50cyJdLCJuYW1lcyI6W10sIm1hcHBpbmdzIjoiQUFBQTs7R0FFRztBQUVILGNBQWMsU0FBUyxDQUFDIiwic291cmNlc0NvbnRlbnQiOlsiLyoqXG4gKiBHZW5lcmF0ZWQgYnVuZGxlIGluZGV4LiBEbyBub3QgZWRpdC5cbiAqL1xuXG5leHBvcnQgKiBmcm9tICcuL2luZGV4JztcbiJdfQ==

--- esm2022/a11y/index.mjs ---

/**
 * @license
 * Copyright Google LLC All Rights Reserved.
 *
 * Use of this source code is governed by an MIT-style license that can be
 * found in the LICENSE file at https://angular.io/license
 */
export * from './public-api';
//# sourceMappingURL=data:application/json;base64,eyJ2ZXJzaW9uIjozLCJmaWxlIjoiaW5kZXguanMiLCJzb3VyY2VSb290IjoiIiwic291cmNlcyI6WyIuLi8uLi8uLi8uLi8uLi8uLi8uLi8uLi8uLi9wYWNrYWdlcy9iYXplbC90ZXN0L25nX3BhY2thZ2UvZXhhbXBsZS9hMTF5L2luZGV4LnRzIl0sIm5hbWVzIjpbXSwibWFwcGluZ3MiOiJBQUFBOzs7Ozs7R0FNRztBQUVILGNBQWMsY0FBYyxDQUFDIiwic291cmNlc0NvbnRlbnQiOlsiLyoqXG4gKiBAbGljZW5zZVxuICogQ29weXJpZ2h0IEdvb2dsZSBMTEMgQWxsIFJpZ2h0cyBSZXNlcnZlZC5cbiAqXG4gKiBVc2Ugb2YgdGhpcyBzb3VyY2UgY29kZSBpcyBnb3Zlcm5lZCBieSBhbiBNSVQtc3R5bGUgbGljZW5zZSB0aGF0IGNhbiBiZVxuICogZm91bmQgaW4gdGhlIExJQ0VOU0UgZmlsZSBhdCBodHRwczovL2FuZ3VsYXIuaW8vbGljZW5zZVxuICovXG5cbmV4cG9ydCAqIGZyb20gJy4vcHVibGljLWFwaSc7XG4iXX0=

--- esm2022/a11y/public-api.mjs ---

/**
 * @license
 * Copyright Google LLC All Rights Reserved.
 *
 * Use of this source code is governed by an MIT-style license that can be
 * found in the LICENSE file at https://angular.io/license
 */
import { NgModule } from '@angular/core';
import * as i0 from "@angular/core";
export class A11yModule {
    static { this.ɵfac = i0.ɵɵngDeclareFactory({ minVersion: "12.0.0", version: "0.0.0", ngImport: i0, type: A11yModule, deps: [], target: i0.ɵɵFactoryTarget.NgModule }); }
    static { this.ɵmod = i0.ɵɵngDeclareNgModule({ minVersion: "14.0.0", version: "0.0.0", ngImport: i0, type: A11yModule }); }
    static { this.ɵinj = i0.ɵɵngDeclareInjector({ minVersion: "12.0.0", version: "0.0.0", ngImport: i0, type: A11yModule }); }
}
i0.ɵɵngDeclareClassMetadata({ minVersion: "12.0.0", version: "0.0.0", ngImport: i0, type: A11yModule, decorators: [{
            type: NgModule,
            args: [{}]
        }] });
//# sourceMappingURL=data:application/json;base64,eyJ2ZXJzaW9uIjozLCJmaWxlIjoicHVibGljLWFwaS5qcyIsInNvdXJjZVJvb3QiOiIiLCJzb3VyY2VzIjpbIi4uLy4uLy4uLy4uLy4uLy4uLy4uLy4uLy4uL3BhY2thZ2VzL2JhemVsL3Rlc3QvbmdfcGFja2FnZS9leGFtcGxlL2ExMXkvcHVibGljLWFwaS50cyJdLCJuYW1lcyI6W10sIm1hcHBpbmdzIjoiQUFBQTs7Ozs7O0dBTUc7QUFFSCxPQUFPLEVBQUMsUUFBUSxFQUFDLE1BQU0sZUFBZSxDQUFDOztBQUd2QyxNQUFNLE9BQU8sVUFBVTt5SEFBVixVQUFVOzBIQUFWLFVBQVU7MEhBQVYsVUFBVTs7c0dBQVYsVUFBVTtrQkFEdEIsUUFBUTttQkFBQyxFQUFFIiwic291cmNlc0NvbnRlbnQiOlsiLyoqXG4gKiBAbGljZW5zZVxuICogQ29weXJpZ2h0IEdvb2dsZSBMTEMgQWxsIFJpZ2h0cyBSZXNlcnZlZC5cbiAqXG4gKiBVc2Ugb2YgdGhpcyBzb3VyY2UgY29kZSBpcyBnb3Zlcm5lZCBieSBhbiBNSVQtc3R5bGUgbGljZW5zZSB0aGF0IGNhbiBiZVxuICogZm91bmQgaW4gdGhlIExJQ0VOU0UgZmlsZSBhdCBodHRwczovL2FuZ3VsYXIuaW8vbGljZW5zZVxuICovXG5cbmltcG9ydCB7TmdNb2R1bGV9IGZyb20gJ0Bhbmd1bGFyL2NvcmUnO1xuXG5ATmdNb2R1bGUoe30pXG5leHBvcnQgY2xhc3MgQTExeU1vZHVsZSB7fVxuIl19

--- esm2022/example.mjs ---

/**
 * Generated bundle index. Do not edit.
 */
export * from './index';
//# sourceMappingURL=data:application/json;base64,eyJ2ZXJzaW9uIjozLCJmaWxlIjoiZXhhbXBsZS5qcyIsInNvdXJjZVJvb3QiOiIiLCJzb3VyY2VzIjpbIi4uLy4uLy4uLy4uLy4uLy4uLy4uLy4uL3BhY2thZ2VzL2JhemVsL3Rlc3QvbmdfcGFja2FnZS9leGFtcGxlL2V4YW1wbGUudHMiXSwibmFtZXMiOltdLCJtYXBwaW5ncyI6IkFBQUE7O0dBRUc7QUFFSCxjQUFjLFNBQVMsQ0FBQyIsInNvdXJjZXNDb250ZW50IjpbIi8qKlxuICogR2VuZXJhdGVkIGJ1bmRsZSBpbmRleC4gRG8gbm90IGVkaXQuXG4gKi9cblxuZXhwb3J0ICogZnJvbSAnLi9pbmRleCc7XG4iXX0=

--- esm2022/imports/imports.mjs ---

/**
 * Generated bundle index. Do not edit.
 */
export * from './index';
//# sourceMappingURL=data:application/json;base64,eyJ2ZXJzaW9uIjozLCJmaWxlIjoiaW1wb3J0cy5qcyIsInNvdXJjZVJvb3QiOiIiLCJzb3VyY2VzIjpbIi4uLy4uLy4uLy4uLy4uLy4uLy4uLy4uLy4uL3BhY2thZ2VzL2JhemVsL3Rlc3QvbmdfcGFja2FnZS9leGFtcGxlL2ltcG9ydHMvaW1wb3J0cy50cyJdLCJuYW1lcyI6W10sIm1hcHBpbmdzIjoiQUFBQTs7R0FFRztBQUVILGNBQWMsU0FBUyxDQUFDIiwic291cmNlc0NvbnRlbnQiOlsiLyoqXG4gKiBHZW5lcmF0ZWQgYnVuZGxlIGluZGV4LiBEbyBub3QgZWRpdC5cbiAqL1xuXG5leHBvcnQgKiBmcm9tICcuL2luZGV4JztcbiJdfQ==

--- esm2022/imports/index.mjs ---

/**
 * @license
 * Copyright Google LLC All Rights Reserved.
 *
 * Use of this source code is governed by an MIT-style license that can be
 * found in the LICENSE file at https://angular.io/license
 */
export * from './public-api';
//# sourceMappingURL=data:application/json;base64,eyJ2ZXJzaW9uIjozLCJmaWxlIjoiaW5kZXguanMiLCJzb3VyY2VSb290IjoiIiwic291cmNlcyI6WyIuLi8uLi8uLi8uLi8uLi8uLi8uLi8uLi8uLi9wYWNrYWdlcy9iYXplbC90ZXN0L25nX3BhY2thZ2UvZXhhbXBsZS9pbXBvcnRzL2luZGV4LnRzIl0sIm5hbWVzIjpbXSwibWFwcGluZ3MiOiJBQUFBOzs7Ozs7R0FNRztBQUVILGNBQWMsY0FBYyxDQUFDIiwic291cmNlc0NvbnRlbnQiOlsiLyoqXG4gKiBAbGljZW5zZVxuICogQ29weXJpZ2h0IEdvb2dsZSBMTEMgQWxsIFJpZ2h0cyBSZXNlcnZlZC5cbiAqXG4gKiBVc2Ugb2YgdGhpcyBzb3VyY2UgY29kZSBpcyBnb3Zlcm5lZCBieSBhbiBNSVQtc3R5bGUgbGljZW5zZSB0aGF0IGNhbiBiZVxuICogZm91bmQgaW4gdGhlIExJQ0VOU0UgZmlsZSBhdCBodHRwczovL2FuZ3VsYXIuaW8vbGljZW5zZVxuICovXG5cbmV4cG9ydCAqIGZyb20gJy4vcHVibGljLWFwaSc7XG4iXX0=

--- esm2022/imports/public-api.mjs ---

/**
 * @license
 * Copyright Google LLC All Rights Reserved.
 *
 * Use of this source code is governed by an MIT-style license that can be
 * found in the LICENSE file at https://angular.io/license
 */
import { Injectable } from '@angular/core';
import { MySecondService } from './second';
import * as i0 from "@angular/core";
import * as i1 from "./second";
export class MyService {
    constructor(secondService) {
        this.secondService = secondService;
    }
    static { this.ɵfac = i0.ɵɵngDeclareFactory({ minVersion: "12.0.0", version: "0.0.0", ngImport: i0, type: MyService, deps: [{ token: i1.MySecondService }], target: i0.ɵɵFactoryTarget.Injectable }); }
    static { this.ɵprov = i0.ɵɵngDeclareInjectable({ minVersion: "12.0.0", version: "0.0.0", ngImport: i0, type: MyService, providedIn: 'root' }); }
}
i0.ɵɵngDeclareClassMetadata({ minVersion: "12.0.0", version: "0.0.0", ngImport: i0, type: MyService, decorators: [{
            type: Injectable,
            args: [{ providedIn: 'root' }]
        }], ctorParameters: () => [{ type: i1.MySecondService }] });
//# sourceMappingURL=data:application/json;base64,eyJ2ZXJzaW9uIjozLCJmaWxlIjoicHVibGljLWFwaS5qcyIsInNvdXJjZVJvb3QiOiIiLCJzb3VyY2VzIjpbIi4uLy4uLy4uLy4uLy4uLy4uLy4uLy4uLy4uL3BhY2thZ2VzL2JhemVsL3Rlc3QvbmdfcGFja2FnZS9leGFtcGxlL2ltcG9ydHMvcHVibGljLWFwaS50cyJdLCJuYW1lcyI6W10sIm1hcHBpbmdzIjoiQUFBQTs7Ozs7O0dBTUc7QUFFSCxPQUFPLEVBQUMsVUFBVSxFQUFDLE1BQU0sZUFBZSxDQUFDO0FBQ3pDLE9BQU8sRUFBQyxlQUFlLEVBQUMsTUFBTSxVQUFVLENBQUM7OztBQUd6QyxNQUFNLE9BQU8sU0FBUztJQUNwQixZQUFtQixhQUE4QjtRQUE5QixrQkFBYSxHQUFiLGFBQWEsQ0FBaUI7SUFBRyxDQUFDO3lIQUQxQyxTQUFTOzZIQUFULFNBQVMsY0FERyxNQUFNOztzR0FDbEIsU0FBUztrQkFEckIsVUFBVTttQkFBQyxFQUFDLFVBQVUsRUFBRSxNQUFNLEVBQUMiLCJzb3VyY2VzQ29udGVudCI6WyIvKipcbiAqIEBsaWNlbnNlXG4gKiBDb3B5cmlnaHQgR29vZ2xlIExMQyBBbGwgUmlnaHRzIFJlc2VydmVkLlxuICpcbiAqIFVzZSBvZiB0aGlzIHNvdXJjZSBjb2RlIGlzIGdvdmVybmVkIGJ5IGFuIE1JVC1zdHlsZSBsaWNlbnNlIHRoYXQgY2FuIGJlXG4gKiBmb3VuZCBpbiB0aGUgTElDRU5TRSBmaWxlIGF0IGh0dHBzOi8vYW5ndWxhci5pby9saWNlbnNlXG4gKi9cblxuaW1wb3J0IHtJbmplY3RhYmxlfSBmcm9tICdAYW5ndWxhci9jb3JlJztcbmltcG9ydCB7TXlTZWNvbmRTZXJ2aWNlfSBmcm9tICcuL3NlY29uZCc7XG5cbkBJbmplY3RhYmxlKHtwcm92aWRlZEluOiAncm9vdCd9KVxuZXhwb3J0IGNsYXNzIE15U2VydmljZSB7XG4gIGNvbnN0cnVjdG9yKHB1YmxpYyBzZWNvbmRTZXJ2aWNlOiBNeVNlY29uZFNlcnZpY2UpIHt9XG59XG4iXX0=

--- esm2022/imports/second.mjs ---

/**
 * @license
 * Copyright Google LLC All Rights Reserved.
 *
 * Use of this source code is governed by an MIT-style license that can be
 * found in the LICENSE file at https://angular.io/license
 */
import { Injectable } from '@angular/core';
import * as i0 from "@angular/core";
export class MySecondService {
    static { this.ɵfac = i0.ɵɵngDeclareFactory({ minVersion: "12.0.0", version: "0.0.0", ngImport: i0, type: MySecondService, deps: [], target: i0.ɵɵFactoryTarget.Injectable }); }
    static { this.ɵprov = i0.ɵɵngDeclareInjectable({ minVersion: "12.0.0", version: "0.0.0", ngImport: i0, type: MySecondService, providedIn: 'root' }); }
}
i0.ɵɵngDeclareClassMetadata({ minVersion: "12.0.0", version: "0.0.0", ngImport: i0, type: MySecondService, decorators: [{
            type: Injectable,
            args: [{ providedIn: 'root' }]
        }] });
//# sourceMappingURL=data:application/json;base64,eyJ2ZXJzaW9uIjozLCJmaWxlIjoic2Vjb25kLmpzIiwic291cmNlUm9vdCI6IiIsInNvdXJjZXMiOlsiLi4vLi4vLi4vLi4vLi4vLi4vLi4vLi4vLi4vcGFja2FnZXMvYmF6ZWwvdGVzdC9uZ19wYWNrYWdlL2V4YW1wbGUvaW1wb3J0cy9zZWNvbmQudHMiXSwibmFtZXMiOltdLCJtYXBwaW5ncyI6IkFBQUE7Ozs7OztHQU1HO0FBRUgsT0FBTyxFQUFDLFVBQVUsRUFBQyxNQUFNLGVBQWUsQ0FBQzs7QUFHekMsTUFBTSxPQUFPLGVBQWU7eUhBQWYsZUFBZTs2SEFBZixlQUFlLGNBREgsTUFBTTs7c0dBQ2xCLGVBQWU7a0JBRDNCLFVBQVU7bUJBQUMsRUFBQyxVQUFVLEVBQUUsTUFBTSxFQUFDIiwic291cmNlc0NvbnRlbnQiOlsiLyoqXG4gKiBAbGljZW5zZVxuICogQ29weXJpZ2h0IEdvb2dsZSBMTEMgQWxsIFJpZ2h0cyBSZXNlcnZlZC5cbiAqXG4gKiBVc2Ugb2YgdGhpcyBzb3VyY2UgY29kZSBpcyBnb3Zlcm5lZCBieSBhbiBNSVQtc3R5bGUgbGljZW5zZSB0aGF0IGNhbiBiZVxuICogZm91bmQgaW4gdGhlIExJQ0VOU0UgZmlsZSBhdCBodHRwczovL2FuZ3VsYXIuaW8vbGljZW5zZVxuICovXG5cbmltcG9ydCB7SW5qZWN0YWJsZX0gZnJvbSAnQGFuZ3VsYXIvY29yZSc7XG5cbkBJbmplY3RhYmxlKHtwcm92aWRlZEluOiAncm9vdCd9KVxuZXhwb3J0IGNsYXNzIE15U2Vjb25kU2VydmljZSB7fVxuIl19

--- esm2022/index.mjs ---

/**
 * @license
 * Copyright Google LLC All Rights Reserved.
 *
 * Use of this source code is governed by an MIT-style license that can be
 * found in the LICENSE file at https://angular.io/license
 */
export * from './mymodule';
//# sourceMappingURL=data:application/json;base64,eyJ2ZXJzaW9uIjozLCJmaWxlIjoiaW5kZXguanMiLCJzb3VyY2VSb290IjoiIiwic291cmNlcyI6WyIuLi8uLi8uLi8uLi8uLi8uLi8uLi8uLi9wYWNrYWdlcy9iYXplbC90ZXN0L25nX3BhY2thZ2UvZXhhbXBsZS9pbmRleC50cyJdLCJuYW1lcyI6W10sIm1hcHBpbmdzIjoiQUFBQTs7Ozs7O0dBTUc7QUFFSCxjQUFjLFlBQVksQ0FBQyIsInNvdXJjZXNDb250ZW50IjpbIi8qKlxuICogQGxpY2Vuc2VcbiAqIENvcHlyaWdodCBHb29nbGUgTExDIEFsbCBSaWdodHMgUmVzZXJ2ZWQuXG4gKlxuICogVXNlIG9mIHRoaXMgc291cmNlIGNvZGUgaXMgZ292ZXJuZWQgYnkgYW4gTUlULXN0eWxlIGxpY2Vuc2UgdGhhdCBjYW4gYmVcbiAqIGZvdW5kIGluIHRoZSBMSUNFTlNFIGZpbGUgYXQgaHR0cHM6Ly9hbmd1bGFyLmlvL2xpY2Vuc2VcbiAqL1xuXG5leHBvcnQgKiBmcm9tICcuL215bW9kdWxlJztcbiJdfQ==

--- esm2022/mymodule.mjs ---

/**
 * @license
 * Copyright Google LLC All Rights Reserved.
 *
 * Use of this source code is governed by an MIT-style license that can be
 * found in the LICENSE file at https://angular.io/license
 */
import { NgModule } from '@angular/core';
import * as i0 from "@angular/core";
export class MyModule {
    static { this.ɵfac = i0.ɵɵngDeclareFactory({ minVersion: "12.0.0", version: "0.0.0", ngImport: i0, type: MyModule, deps: [], target: i0.ɵɵFactoryTarget.NgModule }); }
    static { this.ɵmod = i0.ɵɵngDeclareNgModule({ minVersion: "14.0.0", version: "0.0.0", ngImport: i0, type: MyModule }); }
    static { this.ɵinj = i0.ɵɵngDeclareInjector({ minVersion: "12.0.0", version: "0.0.0", ngImport: i0, type: MyModule }); }
}
i0.ɵɵngDeclareClassMetadata({ minVersion: "12.0.0", version: "0.0.0", ngImport: i0, type: MyModule, decorators: [{
            type: NgModule,
            args: [{}]
        }] });
//# sourceMappingURL=data:application/json;base64,eyJ2ZXJzaW9uIjozLCJmaWxlIjoibXltb2R1bGUuanMiLCJzb3VyY2VSb290IjoiIiwic291cmNlcyI6WyIuLi8uLi8uLi8uLi8uLi8uLi8uLi8uLi9wYWNrYWdlcy9iYXplbC90ZXN0L25nX3BhY2thZ2UvZXhhbXBsZS9teW1vZHVsZS50cyJdLCJuYW1lcyI6W10sIm1hcHBpbmdzIjoiQUFBQTs7Ozs7O0dBTUc7QUFFSCxPQUFPLEVBQUMsUUFBUSxFQUFDLE1BQU0sZUFBZSxDQUFDOztBQUl2QyxNQUFNLE9BQU8sUUFBUTt5SEFBUixRQUFROzBIQUFSLFFBQVE7MEhBQVIsUUFBUTs7c0dBQVIsUUFBUTtrQkFEcEIsUUFBUTttQkFBQyxFQUFFIiwic291cmNlc0NvbnRlbnQiOlsiLyoqXG4gKiBAbGljZW5zZVxuICogQ29weXJpZ2h0IEdvb2dsZSBMTEMgQWxsIFJpZ2h0cyBSZXNlcnZlZC5cbiAqXG4gKiBVc2Ugb2YgdGhpcyBzb3VyY2UgY29kZSBpcyBnb3Zlcm5lZCBieSBhbiBNSVQtc3R5bGUgbGljZW5zZSB0aGF0IGNhbiBiZVxuICogZm91bmQgaW4gdGhlIExJQ0VOU0UgZmlsZSBhdCBodHRwczovL2FuZ3VsYXIuaW8vbGljZW5zZVxuICovXG5cbmltcG9ydCB7TmdNb2R1bGV9IGZyb20gJ0Bhbmd1bGFyL2NvcmUnO1xuaW1wb3J0IHthfSBmcm9tICcuL3NlY29uZGFyeS9zZWNvbmRhcnltb2R1bGUnO1xuXG5ATmdNb2R1bGUoe30pXG5leHBvcnQgY2xhc3MgTXlNb2R1bGUge31cbiJdfQ==

--- esm2022/secondary/index.mjs ---

/**
 * @license
 * Copyright Google LLC All Rights Reserved.
 *
 * Use of this source code is governed by an MIT-style license that can be
 * found in the LICENSE file at https://angular.io/license
 */
export * from './secondarymodule';
//# sourceMappingURL=data:application/json;base64,eyJ2ZXJzaW9uIjozLCJmaWxlIjoiaW5kZXguanMiLCJzb3VyY2VSb290IjoiIiwic291cmNlcyI6WyIuLi8uLi8uLi8uLi8uLi8uLi8uLi8uLi8uLi9wYWNrYWdlcy9iYXplbC90ZXN0L25nX3BhY2thZ2UvZXhhbXBsZS9zZWNvbmRhcnkvaW5kZXgudHMiXSwibmFtZXMiOltdLCJtYXBwaW5ncyI6IkFBQUE7Ozs7OztHQU1HO0FBRUgsY0FBYyxtQkFBbUIsQ0FBQyIsInNvdXJjZXNDb250ZW50IjpbIi8qKlxuICogQGxpY2Vuc2VcbiAqIENvcHlyaWdodCBHb29nbGUgTExDIEFsbCBSaWdodHMgUmVzZXJ2ZWQuXG4gKlxuICogVXNlIG9mIHRoaXMgc291cmNlIGNvZGUgaXMgZ292ZXJuZWQgYnkgYW4gTUlULXN0eWxlIGxpY2Vuc2UgdGhhdCBjYW4gYmVcbiAqIGZvdW5kIGluIHRoZSBMSUNFTlNFIGZpbGUgYXQgaHR0cHM6Ly9hbmd1bGFyLmlvL2xpY2Vuc2VcbiAqL1xuXG5leHBvcnQgKiBmcm9tICcuL3NlY29uZGFyeW1vZHVsZSc7XG4iXX0=

--- esm2022/secondary/secondary.mjs ---

/**
 * Generated bundle index. Do not edit.
 */
export * from './index';
//# sourceMappingURL=data:application/json;base64,eyJ2ZXJzaW9uIjozLCJmaWxlIjoic2Vjb25kYXJ5LmpzIiwic291cmNlUm9vdCI6IiIsInNvdXJjZXMiOlsiLi4vLi4vLi4vLi4vLi4vLi4vLi4vLi4vLi4vcGFja2FnZXMvYmF6ZWwvdGVzdC9uZ19wYWNrYWdlL2V4YW1wbGUvc2Vjb25kYXJ5L3NlY29uZGFyeS50cyJdLCJuYW1lcyI6W10sIm1hcHBpbmdzIjoiQUFBQTs7R0FFRztBQUVILGNBQWMsU0FBUyxDQUFDIiwic291cmNlc0NvbnRlbnQiOlsiLyoqXG4gKiBHZW5lcmF0ZWQgYnVuZGxlIGluZGV4LiBEbyBub3QgZWRpdC5cbiAqL1xuXG5leHBvcnQgKiBmcm9tICcuL2luZGV4JztcbiJdfQ==

--- esm2022/secondary/secondarymodule.mjs ---

/**
 * @license
 * Copyright Google LLC All Rights Reserved.
 *
 * Use of this source code is governed by an MIT-style license that can be
 * found in the LICENSE file at https://angular.io/license
 */
import { NgModule } from '@angular/core';
import * as i0 from "@angular/core";
export class SecondaryModule {
    static { this.ɵfac = i0.ɵɵngDeclareFactory({ minVersion: "12.0.0", version: "0.0.0", ngImport: i0, type: SecondaryModule, deps: [], target: i0.ɵɵFactoryTarget.NgModule }); }
    static { this.ɵmod = i0.ɵɵngDeclareNgModule({ minVersion: "14.0.0", version: "0.0.0", ngImport: i0, type: SecondaryModule }); }
    static { this.ɵinj = i0.ɵɵngDeclareInjector({ minVersion: "12.0.0", version: "0.0.0", ngImport: i0, type: SecondaryModule }); }
}
i0.ɵɵngDeclareClassMetadata({ minVersion: "12.0.0", version: "0.0.0", ngImport: i0, type: SecondaryModule, decorators: [{
            type: NgModule,
            args: [{}]
        }] });
export const a = 1;
//# sourceMappingURL=data:application/json;base64,eyJ2ZXJzaW9uIjozLCJmaWxlIjoic2Vjb25kYXJ5bW9kdWxlLmpzIiwic291cmNlUm9vdCI6IiIsInNvdXJjZXMiOlsiLi4vLi4vLi4vLi4vLi4vLi4vLi4vLi4vLi4vcGFja2FnZXMvYmF6ZWwvdGVzdC9uZ19wYWNrYWdlL2V4YW1wbGUvc2Vjb25kYXJ5L3NlY29uZGFyeW1vZHVsZS50cyJdLCJuYW1lcyI6W10sIm1hcHBpbmdzIjoiQUFBQTs7Ozs7O0dBTUc7QUFFSCxPQUFPLEVBQUMsUUFBUSxFQUFDLE1BQU0sZUFBZSxDQUFDOztBQUd2QyxNQUFNLE9BQU8sZUFBZTt5SEFBZixlQUFlOzBIQUFmLGVBQWU7MEhBQWYsZUFBZTs7c0dBQWYsZUFBZTtrQkFEM0IsUUFBUTttQkFBQyxFQUFFOztBQUdaLE1BQU0sQ0FBQyxNQUFNLENBQUMsR0FBRyxDQUFDLENBQUMiLCJzb3VyY2VzQ29udGVudCI6WyIvKipcbiAqIEBsaWNlbnNlXG4gKiBDb3B5cmlnaHQgR29vZ2xlIExMQyBBbGwgUmlnaHRzIFJlc2VydmVkLlxuICpcbiAqIFVzZSBvZiB0aGlzIHNvdXJjZSBjb2RlIGlzIGdvdmVybmVkIGJ5IGFuIE1JVC1zdHlsZSBsaWNlbnNlIHRoYXQgY2FuIGJlXG4gKiBmb3VuZCBpbiB0aGUgTElDRU5TRSBmaWxlIGF0IGh0dHBzOi8vYW5ndWxhci5pby9saWNlbnNlXG4gKi9cblxuaW1wb3J0IHtOZ01vZHVsZX0gZnJvbSAnQGFuZ3VsYXIvY29yZSc7XG5cbkBOZ01vZHVsZSh7fSlcbmV4cG9ydCBjbGFzcyBTZWNvbmRhcnlNb2R1bGUge31cblxuZXhwb3J0IGNvbnN0IGEgPSAxO1xuIl19

--- extra-styles.css ---

.special {
  color: goldenrod;
}


--- fesm2022/a11y.mjs ---

/**
 * @license Angular v0.0.0
 * (c) 2010-2024 Google LLC. https://angular.io/
 * License: MIT
 */

import * as i0 from '@angular/core';
import { NgModule } from '@angular/core';

class A11yModule {
    static { this.ɵfac = i0.ɵɵngDeclareFactory({ minVersion: "12.0.0", version: "0.0.0", ngImport: i0, type: A11yModule, deps: [], target: i0.ɵɵFactoryTarget.NgModule }); }
    static { this.ɵmod = i0.ɵɵngDeclareNgModule({ minVersion: "14.0.0", version: "0.0.0", ngImport: i0, type: A11yModule }); }
    static { this.ɵinj = i0.ɵɵngDeclareInjector({ minVersion: "12.0.0", version: "0.0.0", ngImport: i0, type: A11yModule }); }
}
i0.ɵɵngDeclareClassMetadata({ minVersion: "12.0.0", version: "0.0.0", ngImport: i0, type: A11yModule, decorators: [{
            type: NgModule,
            args: [{}]
        }] });

/**
 * Generated bundle index. Do not edit.
 */

export { A11yModule };
//# sourceMappingURL=a11y.mjs.map


--- fesm2022/imports.mjs ---

/**
 * @license Angular v0.0.0
 * (c) 2010-2024 Google LLC. https://angular.io/
 * License: MIT
 */

import * as i0 from '@angular/core';
import { Injectable } from '@angular/core';

class MySecondService {
    static { this.ɵfac = i0.ɵɵngDeclareFactory({ minVersion: "12.0.0", version: "0.0.0", ngImport: i0, type: MySecondService, deps: [], target: i0.ɵɵFactoryTarget.Injectable }); }
    static { this.ɵprov = i0.ɵɵngDeclareInjectable({ minVersion: "12.0.0", version: "0.0.0", ngImport: i0, type: MySecondService, providedIn: 'root' }); }
}
i0.ɵɵngDeclareClassMetadata({ minVersion: "12.0.0", version: "0.0.0", ngImport: i0, type: MySecondService, decorators: [{
            type: Injectable,
            args: [{ providedIn: 'root' }]
        }] });

class MyService {
    constructor(secondService) {
        this.secondService = secondService;
    }
    static { this.ɵfac = i0.ɵɵngDeclareFactory({ minVersion: "12.0.0", version: "0.0.0", ngImport: i0, type: MyService, deps: [{ token: MySecondService }], target: i0.ɵɵFactoryTarget.Injectable }); }
    static { this.ɵprov = i0.ɵɵngDeclareInjectable({ minVersion: "12.0.0", version: "0.0.0", ngImport: i0, type: MyService, providedIn: 'root' }); }
}
i0.ɵɵngDeclareClassMetadata({ minVersion: "12.0.0", version: "0.0.0", ngImport: i0, type: MyService, decorators: [{
            type: Injectable,
            args: [{ providedIn: 'root' }]
        }], ctorParameters: () => [{ type: MySecondService }] });

/**
 * Generated bundle index. Do not edit.
 */

export { MyService };
//# sourceMappingURL=imports.mjs.map


--- fesm2022/secondary.mjs ---

/**
 * @license Angular v0.0.0
 * (c) 2010-2024 Google LLC. https://angular.io/
 * License: MIT
 */

import * as i0 from '@angular/core';
import { NgModule } from '@angular/core';

class SecondaryModule {
    static { this.ɵfac = i0.ɵɵngDeclareFactory({ minVersion: "12.0.0", version: "0.0.0", ngImport: i0, type: SecondaryModule, deps: [], target: i0.ɵɵFactoryTarget.NgModule }); }
    static { this.ɵmod = i0.ɵɵngDeclareNgModule({ minVersion: "14.0.0", version: "0.0.0", ngImport: i0, type: SecondaryModule }); }
    static { this.ɵinj = i0.ɵɵngDeclareInjector({ minVersion: "12.0.0", version: "0.0.0", ngImport: i0, type: SecondaryModule }); }
}
i0.ɵɵngDeclareClassMetadata({ minVersion: "12.0.0", version: "0.0.0", ngImport: i0, type: SecondaryModule, decorators: [{
            type: NgModule,
            args: [{}]
        }] });
const a = 1;

/**
 * Generated bundle index. Do not edit.
 */

export { SecondaryModule, a };
//# sourceMappingURL=secondary.mjs.map


--- fesm2022/waffels.mjs ---

/**
 * @license Angular v0.0.0
 * (c) 2010-2024 Google LLC. https://angular.io/
 * License: MIT
 */

import * as i0 from '@angular/core';
import { NgModule } from '@angular/core';

class MyModule {
    static { this.ɵfac = i0.ɵɵngDeclareFactory({ minVersion: "12.0.0", version: "0.0.0", ngImport: i0, type: MyModule, deps: [], target: i0.ɵɵFactoryTarget.NgModule }); }
    static { this.ɵmod = i0.ɵɵngDeclareNgModule({ minVersion: "14.0.0", version: "0.0.0", ngImport: i0, type: MyModule }); }
    static { this.ɵinj = i0.ɵɵngDeclareInjector({ minVersion: "12.0.0", version: "0.0.0", ngImport: i0, type: MyModule }); }
}
i0.ɵɵngDeclareClassMetadata({ minVersion: "12.0.0", version: "0.0.0", ngImport: i0, type: MyModule, decorators: [{
            type: NgModule,
            args: [{}]
        }] });

/**
 * Generated bundle index. Do not edit.
 */

export { MyModule };
//# sourceMappingURL=waffels.mjs.map


--- imports/index.d.ts ---

/**
 * @license Angular v0.0.0
 * (c) 2010-2024 Google LLC. https://angular.io/
 * License: MIT
 */


import * as i0 from '@angular/core';

declare class MySecondService {
    static ɵfac: i0.ɵɵFactoryDeclaration<MySecondService, never>;
    static ɵprov: i0.ɵɵInjectableDeclaration<MySecondService>;
}

export declare class MyService {
    secondService: MySecondService;
    constructor(secondService: MySecondService);
    static ɵfac: i0.ɵɵFactoryDeclaration<MyService, never>;
    static ɵprov: i0.ɵɵInjectableDeclaration<MyService>;
}

export { }


--- index.d.ts ---

/**
 * @license Angular v0.0.0
 * (c) 2010-2024 Google LLC. https://angular.io/
 * License: MIT
 */


import * as i0 from '@angular/core';

export declare class MyModule {
    static ɵfac: i0.ɵɵFactoryDeclaration<MyModule, never>;
    static ɵmod: i0.ɵɵNgModuleDeclaration<MyModule, never, never, never>;
    static ɵinj: i0.ɵɵInjectorDeclaration<MyModule>;
}

export { }


--- logo.png ---

611871c1f492a69a8a5f57e01096b145

--- package.json ---

{
  "name": "example",
  "version": "0.0.0",
  "exports": {
    ".": {
      "sass": "./_index.scss",
      "types": "./index.d.ts",
      "esm2022": "./esm2022/example.mjs",
      "esm": "./esm2022/example.mjs",
      "default": "./fesm2022/waffels.mjs"
    },
    "./package.json": {
      "default": "./package.json"
    },
    "./a11y": {
      "types": "./a11y/index.d.ts",
      "esm2022": "./esm2022/a11y/a11y.mjs",
      "esm": "./esm2022/a11y/a11y.mjs",
      "default": "./fesm2022/a11y.mjs"
    },
    "./imports": {
      "types": "./imports/index.d.ts",
      "esm2022": "./esm2022/imports/imports.mjs",
      "esm": "./esm2022/imports/imports.mjs",
      "default": "./fesm2022/imports.mjs"
    },
    "./secondary": {
      "types": "./secondary/index.d.ts",
      "esm2022": "./esm2022/secondary/secondary.mjs",
      "esm": "./esm2022/secondary/secondary.mjs",
      "default": "./fesm2022/secondary.mjs"
    }
  },
  "module": "./fesm2022/waffels.mjs",
  "typings": "./index.d.ts",
  "type": "module"
}

--- secondary/index.d.ts ---

/**
 * @license Angular v0.0.0
 * (c) 2010-2024 Google LLC. https://angular.io/
 * License: MIT
 */


import * as i0 from '@angular/core';

export declare const a = 1;

export declare class SecondaryModule {
    static ɵfac: i0.ɵɵFactoryDeclaration<SecondaryModule, never>;
    static ɵmod: i0.ɵɵNgModuleDeclaration<SecondaryModule, never, never, never>;
    static ɵinj: i0.ɵɵInjectorDeclaration<SecondaryModule>;
}

export { }


--- some-file.txt ---

This file is just copied into the package.

