[
  [
    "packages/compiler-cli/src/ngtsc/partial_evaluator/src/interface.ts",
    "packages/compiler-cli/src/ngtsc/partial_evaluator/src/interpreter.ts"
  ],
  [
    "packages/compiler/src/output/output_ast.ts",
    "packages/compiler/src/render3/view/i18n/meta.ts"
  ],
  [
    "packages/compiler/src/output/output_ast.ts",
    "packages/compiler/src/render3/view/i18n/meta.ts",
    "packages/compiler/src/render3/view/i18n/util.ts"
  ],
  [
    "packages/core/src/change_detection/change_detector_ref.ts",
    "packages/core/src/render3/view_ref.ts"
  ],
  [
    "packages/core/src/change_detection/differs/default_iterable_differ.ts",
    "packages/core/src/change_detection/differs/iterable_differs.ts"
  ],
  [
    "packages/core/src/change_detection/differs/default_keyvalue_differ.ts",
    "packages/core/src/change_detection/differs/keyvalue_differs.ts"
  ],
  [
    "packages/core/src/di/injectable.ts",
    "packages/core/src/di/jit/injectable.ts"
  ],
  [
    "packages/core/src/linker/component_factory_resolver.ts",
    "packages/core/src/linker/component_factory.ts",
    "packages/core/src/linker/ng_module_factory.ts"
  ],
  [
    "packages/core/src/metadata/directives.ts",
    "packages/core/src/render3/jit/directive.ts"
  ],
  [
    "packages/core/src/metadata/directives.ts",
    "packages/core/src/render3/jit/directive.ts",
    "packages/core/src/metadata/resource_loading.ts"
  ],
  [
    "packages/core/src/metadata/directives.ts",
    "packages/core/src/render3/jit/directive.ts",
    "packages/core/src/render3/jit/module.ts"
  ],
  [
    "packages/core/src/metadata/directives.ts",
    "packages/core/src/render3/jit/pipe.ts"
  ],
  [
    "packages/core/src/metadata/ng_module.ts",
    "packages/core/src/render3/jit/module.ts"
  ],
  [
    "packages/core/src/render3/interfaces/container.ts",
    "packages/core/src/render3/interfaces/view.ts"
  ],
  [
    "packages/forms/src/directives.ts",
    "packages/forms/src/directives/ng_control_status.ts",
    "packages/forms/src/directives/abstract_control_directive.ts",
    "packages/forms/src/model/abstract_model.ts",
    "packages/forms/src/forms.ts"
  ],
  [
    "packages/forms/src/directives/abstract_form_group_directive.ts",
    "packages/forms/src/directives/control_container.ts",
    "packages/forms/src/directives/form_interface.ts"
  ],
  [
    "packages/forms/src/directives/abstract_form_group_directive.ts",
    "packages/forms/src/directives/form_interface.ts"
  ],
  [
    "packages/forms/src/directives/abstract_form_group_directive.ts",
    "packages/forms/src/directives/shared.ts"
  ],
  [
    "packages/forms/src/directives/abstract_form_group_directive.ts",
    "packages/forms/src/directives/shared.ts",
    "packages/forms/src/directives/control_container.ts",
    "packages/forms/src/directives/form_interface.ts"
  ],
  [
    "packages/forms/src/directives/abstract_form_group_directive.ts",
    "packages/forms/src/directives/shared.ts",
    "packages/forms/src/directives/ng_control.ts",
    "packages/forms/src/directives/control_container.ts",
    "packages/forms/src/directives/form_interface.ts"
  ],
  [
    "packages/forms/src/directives/abstract_form_group_directive.ts",
    "packages/forms/src/directives/shared.ts",
    "packages/forms/src/directives/reactive_directives/form_group_name.ts"
  ],
  [
    "packages/forms/src/directives/abstract_form_group_directive.ts",
    "packages/forms/src/directives/shared.ts",
    "packages/forms/src/directives/reactive_directives/form_group_name.ts",
    "packages/forms/src/directives/control_container.ts",
    "packages/forms/src/directives/form_interface.ts"
  ],
  [
    "packages/forms/src/directives/abstract_form_group_directive.ts",
    "packages/forms/src/directives/shared.ts",
    "packages/forms/src/directives/reactive_directives/form_group_name.ts",
    "packages/forms/src/directives/reactive_directives/form_group_directive.ts",
    "packages/forms/src/directives/control_container.ts",
    "packages/forms/src/directives/form_interface.ts"
  ],
  [
    "packages/forms/src/directives/abstract_form_group_directive.ts",
    "packages/forms/src/directives/shared.ts",
    "packages/forms/src/directives/reactive_directives/form_group_name.ts",
    "packages/forms/src/directives/reactive_directives/form_group_directive.ts",
    "packages/forms/src/directives/form_interface.ts"
  ],
  [
    "packages/forms/src/directives/abstract_form_group_directive.ts",
    "packages/forms/src/directives/shared.ts",
    "packages/forms/src/directives/reactive_directives/form_group_name.ts",
    "packages/forms/src/directives/reactive_directives/form_group_directive.ts",
    "packages/forms/src/directives/reactive_directives/form_control_name.ts"
  ],
  [
    "packages/forms/src/directives/abstract_form_group_directive.ts",
    "packages/forms/src/directives/shared.ts",
    "packages/forms/src/directives/reactive_directives/form_group_name.ts",
    "packages/forms/src/directives/reactive_directives/form_group_directive.ts",
    "packages/forms/src/directives/reactive_directives/form_control_name.ts",
    "packages/forms/src/directives/control_container.ts",
    "packages/forms/src/directives/form_interface.ts"
  ],
  [
    "packages/forms/src/directives/ng_form.ts",
    "packages/forms/src/directives/ng_model.ts"
  ],
  [
    "packages/forms/src/directives/ng_form.ts",
    "packages/forms/src/directives/ng_model.ts",
    "packages/forms/src/directives/ng_model_group.ts"
  ],
  [
    "packages/forms/src/directives/reactive_directives/form_control_directive.ts",
    "packages/forms/src/directives/shared.ts",
    "packages/forms/src/directives/reactive_directives/form_group_name.ts",
    "packages/forms/src/directives/reactive_directives/form_group_directive.ts",
    "packages/forms/src/directives/reactive_directives/form_control_name.ts"
  ],
  [
    "packages/forms/src/directives/reactive_directives/form_control_name.ts",
    "packages/forms/src/directives/reactive_directives/form_group_directive.ts"
  ],
  [
    "packages/forms/src/directives/reactive_directives/form_control_name.ts",
    "packages/forms/src/directives/reactive_directives/form_group_name.ts",
    "packages/forms/src/directives/reactive_directives/form_group_directive.ts"
  ],
  [
    "packages/forms/src/directives/reactive_directives/form_control_name.ts",
    "packages/forms/src/directives/shared.ts",
    "packages/forms/src/directives/reactive_directives/form_group_name.ts",
    "packages/forms/src/directives/reactive_directives/form_group_directive.ts"
  ],
  [
    "packages/forms/src/directives/reactive_directives/form_group_directive.ts",
    "packages/forms/src/directives/reactive_directives/form_group_name.ts"
  ],
  [
    "packages/forms/src/directives/reactive_directives/form_group_directive.ts",
    "packages/forms/src/directives/shared.ts",
    "packages/forms/src/directives/reactive_directives/form_group_name.ts"
  ],
  [
    "packages/forms/src/directives/reactive_directives/form_group_name.ts",
    "packages/forms/src/directives/shared.ts"
  ],
  [
    "packages/forms/src/directives/validators.ts",
    "packages/forms/src/model/abstract_model.ts"
  ],
  [
    "packages/forms/src/directives/validators.ts",
    "packages/forms/src/validators.ts"
  ],
  [
    "packages/forms/src/directives/validators.ts",
    "packages/forms/src/validators.ts",
    "packages/forms/src/model/abstract_model.ts"
  ],
  [
    "packages/router/src/directives/router_outlet.ts",
    "packages/router/src/router_outlet_context.ts"
  ],
  [
    "packages/router/src/models.ts",
    "packages/router/src/router_state.ts"
  ],
  [
    "packages/router/src/models.ts",
    "packages/router/src/url_tree.ts",
    "packages/router/src/shared.ts"
  ],
  [
    "packages/router/src/navigation_transition.ts",
    "packages/router/src/operators/activate_routes.ts"
  ],
  [
    "packages/router/src/navigation_transition.ts",
    "packages/router/src/operators/check_guards.ts"
  ],
  [
    "packages/router/src/navigation_transition.ts",
    "packages/router/src/operators/recognize.ts"
  ],
  [
    "packages/router/src/navigation_transition.ts",
    "packages/router/src/operators/resolve_data.ts"
  ],
  [
    "packages/router/src/shared.ts",
    "packages/router/src/url_tree.ts"
  ]
]